<html>
<body>
<pre>
<h1>µVision Build Log</h1>
<h2>Tool Versions:</h2>
IDE-Version: ¦ÌVision V5.34.0.0
Copyright (C) 2021 ARM Ltd and ARM Germany GmbH. All rights reserved.
License Information: 1 1, 1, LIC=HN0AE-5FRB9-DYRV3-AIC0X-G29WR-1VLXK
 
Tool Versions:
Toolchain:       MDK-ARM Plus  Version: 5.34.0.0
Toolchain Path:  D:\keil5_tools\keil5\ARM\ARMCLANG\Bin
C Compiler:      ArmClang.exe V6.16
Assembler:       Armasm.exe V6.16
Linker/Locator:  ArmLink.exe V6.16
Library Manager: ArmAr.exe V6.16
Hex Converter:   FromElf.exe V6.16
CPU DLL:         SARMCM3.DLL V5.34.0.0
Dialog DLL:      DCM.DLL V1.17.3.0
Target DLL:      CMSIS_AGDI.dll V1.32.13.0
Dialog DLL:      TCM.DLL V1.48.0.0
 
<h2>Project:</h2>
D:\dxq_pro\DXQ5.24\DXQ5.07_3\MDK-ARM\DXQ.uvprojx
Project File Date:  05/21/2021

<h2>Output:</h2>
*** Using Compiler 'V6.16', folder: 'D:\keil5_tools\keil5\ARM\ARMCLANG\Bin'
Build target 'DXQ'
../Core/Src/freertos.c(549): warning: cast to smaller integer type 'uint8_t' (aka 'unsigned char') from 'char *' [-Wpointer-to-int-cast]
                                                        USendStr(&huart6,(uint8_t)("OK\n"),3);  //<B2><CE><CA><FD><C9><E8><D6><C3>Ó¦<B4><F0>
                                                                         ^~~~~~~~~~~~~~~~~
../Core/Src/freertos.c(549): warning: incompatible integer to pointer conversion passing 'uint8_t' (aka 'unsigned char') to parameter of type 'uint8_t *' (aka 'unsigned char *') [-Wint-conversion]
                                                        USendStr(&huart6,(uint8_t)("OK\n"),3);  //<B2><CE><CA><FD><C9><E8><D6><C3>Ó¦<B4><F0>
                                                                         ^~~~~~~~~~~~~~~~~
../Drivers/COMM/comm.h(25): note: passing argument to parameter 'str' here
void USendStr(UART_HandleTypeDef *UartHandle, uint8_t *str, uint32_t len);
                                                       ^
../Core/Src/freertos.c(1160): warning: non-void function does not return a value in all control paths [-Wreturn-type]
}
^
3 warnings generated.
compiling freertos.c...
linking...
Program Size: Code=54928 RO-data=35908 RW-data=96 ZI-data=43944  
FromELF: creating hex file...
"DXQ\DXQ.axf" - 0 Error(s), 3 Warning(s).

<h2>Software Packages used:</h2>

Package Vendor: ARM
                http://www.keil.com/pack/ARM.CMSIS.5.7.0.pack
                ARM.CMSIS.5.7.0
                CMSIS (Cortex Microcontroller Software Interface Standard)
   * Component: CORE Version: 5.4.0

Package Vendor: Keil
                http://www.keil.com/pack/Keil.STM32F4xx_DFP.2.11.0.pack
                Keil.STM32F4xx_DFP.2.11.0
                STMicroelectronics STM32F4 Series Device Support, Drivers and Examples

<h2>Collection of Component include folders:</h2>
  .\RTE\_DXQ
  D:\keil5_tools\pack\ARM\CMSIS\5.7.0\CMSIS\Core\Include
  D:\keil5_tools\pack\Keil\STM32F4xx_DFP\2.11.0\Drivers\CMSIS\Device\ST\STM32F4xx\Include

<h2>Collection of Component Files used:</h2>

   * Component: ARM::CMSIS:CORE:5.4.0
      Include file:  CMSIS\Core\Include\tz_context.h
Build Time Elapsed:  00:00:01
</pre>
</body>
</html>
