<html>
<body>
<pre>
<h1>µVision Build Log</h1>
<h2>Tool Versions:</h2>
IDE-Version: ¦ÌVision V5.32.0.0
Copyright (C) 2020 ARM Ltd and ARM Germany GmbH. All rights reserved.
License Information: Fun CC, HDU, LIC=UJWP0-BMWGS-PC9J8-3Z49D-2HWEV-ZB81U
 
Tool Versions:
Toolchain:       MDK-ARM Plus  Version: 5.32.0.0
Toolchain Path:  E:\Keil_v5\ARM\ARMCLANG\Bin
C Compiler:      ArmClang.exe V6.14.1
Assembler:       Armasm.exe V6.14.1
Linker/Locator:  ArmLink.exe V6.14.1
Library Manager: ArmAr.exe V6.14.1
Hex Converter:   FromElf.exe V6.14.1
CPU DLL:         SARMCM3.DLL V5.32.0.0
Dialog DLL:      DCM.DLL V1.17.3.0
Target DLL:      CMSIS_AGDI.dll V1.32.12.0
Dialog DLL:      TCM.DLL V1.46.0.0
 
<h2>Project:</h2>
D:\Desktop\Homework\DXQ2\DXQ2\DXQ2git\DXQ5.07_3\MDK-ARM\DXQ.uvprojx
Project File Date:  05/24/2021

<h2>Output:</h2>
*** Using Compiler 'V6.14.1', folder: 'E:\Keil_v5\ARM\ARMCLANG\Bin'
Build target 'DXQ'
assembling startup_stm32f407xx.s...
compiling SimSun_20.c...
compiling nameKaiTi_16.c...
compiling KaiTi_20.c...
compiling FunJC.c...
compiling SunHR.c...
compiling SimSun_12.c...
compiling main.c...
compiling gpio.c...
compiling dma.c...
compiling tim.c...
../Core/Src/freertos.c(549): warning: incompatible integer to pointer conversion passing 'uint8_t' (aka 'unsigned char') to parameter of type 'uint8_t *' (aka 'unsigned char *') [-Wint-conversion]
                                                        USendStr(&huart6,(uint8_t)("OK\n"),3);  //<B2><CE><CA><FD><C9><E8><D6><C3>Ó¦<B4><F0>
                                                                         ^~~~~~~~~~~~~~~~~
../Drivers/COMM/comm.h(25): note: passing argument to parameter 'str' here
void USendStr(UART_HandleTypeDef *UartHandle, uint8_t *str, uint32_t len);
                                                       ^
../Core/Src/freertos.c(1094): warning: non-void function does not return a value in all control paths [-Wreturn-type]
}
^
2 warnings generated.
compiling freertos.c...
compiling usart.c...
compiling stm32f4xx_it.c...
compiling stm32f4xx_hal_msp.c...
compiling stm32f4xx_hal_timebase_tim.c...
compiling stm32f4xx_hal_rcc.c...
compiling stm32f4xx_hal_rcc_ex.c...
compiling stm32f4xx_hal_flash.c...
compiling stm32f4xx_hal_flash_ex.c...
compiling stm32f4xx_hal_flash_ramfunc.c...
compiling stm32f4xx_hal_gpio.c...
compiling stm32f4xx_hal_dma_ex.c...
compiling stm32f4xx_hal_pwr.c...
compiling stm32f4xx_hal_dma.c...
compiling stm32f4xx_hal_pwr_ex.c...
compiling stm32f4xx_hal_cortex.c...
compiling stm32f4xx_hal.c...
compiling stm32f4xx_hal_exti.c...
compiling system_stm32f4xx.c...
compiling stm32f4xx_hal_tim_ex.c...
compiling stm32f4xx_hal_uart.c...
compiling croutine.c...
compiling event_groups.c...
compiling stm32f4xx_hal_tim.c...
compiling list.c...
compiling queue.c...
compiling stream_buffer.c...
compiling timers.c...
compiling tasks.c...
compiling heap_4.c...
compiling port.c...
compiling F08_ASCII.c...
compiling cmsis_os2.c...
compiling ssd1306.c...
compiling ssd1306_i2c.c...
compiling GUISlim.c...
compiling DS_18B20.c...
compiling MPU6050.c...
compiling STM32_I2C.c...
compiling 3D_Rotateapplication.c...
compiling inv_mpu_dmp_motion_driver.c...
compiling inv_mpu.c...
compiling comm.c...
compiling Transform_3D.c...
compiling ESP01.c...
linking...
Program Size: Code=54192 RO-data=35876 RW-data=96 ZI-data=43944  
FromELF: creating hex file...
"DXQ\DXQ.axf" - 0 Error(s), 2 Warning(s).

<h2>Software Packages used:</h2>

Package Vendor: ARM
                http://www.keil.com/pack/ARM.CMSIS.5.7.0.pack
                ARM.CMSIS.5.7.0
                CMSIS (Cortex Microcontroller Software Interface Standard)
   * Component: CORE Version: 5.4.0

Package Vendor: Keil
                http://www.keil.com/pack/Keil.STM32F4xx_DFP.2.15.0.pack
                Keil.STM32F4xx_DFP.2.15.0
                STMicroelectronics STM32F4 Series Device Support, Drivers and Examples

<h2>Collection of Component include folders:</h2>
  .\RTE\_DXQ
  C:\Users\Fun\AppData\Local\Arm\Packs\ARM\CMSIS\5.7.0\CMSIS\Core\Include
  C:\Users\Fun\AppData\Local\Arm\Packs\Keil\STM32F4xx_DFP\2.15.0\Drivers\CMSIS\Device\ST\STM32F4xx\Include

<h2>Collection of Component Files used:</h2>

   * Component: ARM::CMSIS:CORE:5.4.0
      Include file:  CMSIS\Core\Include\tz_context.h
Build Time Elapsed:  00:00:16
</pre>
</body>
</html>
